mode: set
github.com/go-lazyer/north/ntime/ntime.go:12.53,13.17 1 1
github.com/go-lazyer/north/ntime/ntime.go:13.17,15.3 1 1
github.com/go-lazyer/north/ntime/ntime.go:17.2,17.36 1 1
github.com/go-lazyer/north/ntime/ntime.go:17.36,19.3 1 1
github.com/go-lazyer/north/ntime/ntime.go:21.2,21.37 1 1
github.com/go-lazyer/north/ntime/ntime.go:21.37,22.15 1 1
github.com/go-lazyer/north/ntime/ntime.go:22.15,24.4 1 1
github.com/go-lazyer/north/ntime/ntime.go:25.3,25.21 1 1
github.com/go-lazyer/north/ntime/ntime.go:28.2,28.33 1 1
github.com/go-lazyer/north/ntime/ntime.go:28.33,30.3 1 1
github.com/go-lazyer/north/ntime/ntime.go:31.2,31.31 1 1
github.com/go-lazyer/north/ntime/ntime.go:31.31,33.3 1 1
github.com/go-lazyer/north/ntime/ntime.go:35.2,36.9 2 1
github.com/go-lazyer/north/ntime/ntime.go:36.9,38.3 1 1
github.com/go-lazyer/north/ntime/ntime.go:40.2,46.23 2 1
github.com/go-lazyer/north/ntime/ntime.go:46.23,48.3 1 1
github.com/go-lazyer/north/ntime/ntime.go:48.8,50.3 1 1
github.com/go-lazyer/north/ntime/ntime.go:51.2,51.46 1 1
github.com/go-lazyer/north/ntime/ntime.go:51.46,53.3 1 1
github.com/go-lazyer/north/ntime/ntime.go:54.2,54.18 1 1
github.com/go-lazyer/north/ntime/ntime.go:55.13,56.28 1 1
github.com/go-lazyer/north/ntime/ntime.go:57.19,58.46 1 1
github.com/go-lazyer/north/ntime/ntime.go:59.18,60.45 1 1
github.com/go-lazyer/north/ntime/ntime.go:62.2,62.32 1 1
github.com/go-lazyer/north/ntime/ntime.go:62.32,63.84 1 1
github.com/go-lazyer/north/ntime/ntime.go:63.84,65.4 1 1
github.com/go-lazyer/north/ntime/ntime.go:67.2,67.20 1 1
github.com/go-lazyer/north/ntime/ntime.go:69.69,70.20 1 1
github.com/go-lazyer/north/ntime/ntime.go:70.20,72.3 1 1
github.com/go-lazyer/north/ntime/ntime.go:73.2,73.56 1 1
github.com/go-lazyer/north/ntime/ntime.go:73.56,75.3 1 1
github.com/go-lazyer/north/ntime/ntime.go:76.2,76.8 1 1
github.com/go-lazyer/north/ntime/week.go:24.71,46.2 7 1
